../Core/Src/main.c:88:5:main	8	static
../Core/Src/main.c:179:6:SystemClock_Config	88	static
../Core/Src/main.c:227:13:MX_ADC1_Init	24	static
../Core/Src/main.c:351:13:MX_TIM2_Init	32	static
../Core/Src/main.c:396:13:MX_USART2_UART_Init	8	static
../Core/Src/main.c:427:13:MX_DMA_Init	16	static
../Core/Src/main.c:445:13:MX_GPIO_Init	48	static
../Core/Src/main.c:493:6:configureTimerForRunTimeStats	4	static
../Core/Src/main.c:498:15:getRunTimeCounterValue	4	static
../Core/Src/main.c:512:6:StartDefaultTask	16	static
../Core/Src/main.c:531:6:HAL_TIM_PeriodElapsedCallback	16	static
../Core/Src/main.c:553:6:Error_Handler	4	static,ignoring_inline_asm
